[eliah-next.vercel.app/index.html]
[eliah-next.vercel.app/_next/static/media/ae0a0c671023eecc-s.p.woff2]
[eliah-next.vercel.app/images/loading.gif]
[eliah-next.vercel.app/_next/static/css/22a924c01cd86f7a.css]
[eliah-next.vercel.app/_next/static/css/385d4530b0cbedbf.css]
[eliah-next.vercel.app/_next/static/chunks/webpack-a8ad54d669fcd3d9.js]
[eliah-next.vercel.app/_next/static/chunks/fd9d1056-efe9634af2996cb4.js]
[eliah-next.vercel.app/_next/static/chunks/69-adcc3967e17fb6a6.js]
[eliah-next.vercel.app/_next/static/chunks/main-app-f5c8d25c8479457f.js]
[eliah-next.vercel.app/_next/static/chunks/372-af08bc81a648d1cf.js]
[eliah-next.vercel.app/_next/static/chunks/442-97667c1cd70ccf2f.js]
[eliah-next.vercel.app/_next/static/chunks/138-922ad7127daf7c11.js]
[eliah-next.vercel.app/_next/static/chunks/306-3162da1c090afb8a.js]
[eliah-next.vercel.app/_next/static/chunks/159-f51d6e288a6a941a.js]
[eliah-next.vercel.app/_next/static/chunks/246-79006e1a0387d808.js]
[eliah-next.vercel.app/_next/static/chunks/172-b5901a45ca42c7cb.js]
[eliah-next.vercel.app/_next/static/chunks/362-56f2635b7b4e9ed6.js]
[eliah-next.vercel.app/_next/static/chunks/app/page-cb7f32ab07471aaa.js]
[backblue.gif]
[fade.gif]
[index.html]
[eliah-next.vercel.app/_next/static/chunks/app/layout-55ed44f926b3e57a.js]
[eliah-next.vercel.app/favicon.ico]
[eliah-next.vercel.app/index.html]
[eliah-next.vercel.app/_next/static/chunks/polyfills-c67a75d1b6f99dc8.js]
[eliah-next.vercel.app/_next/static/media/9445aca19675892f-s.woff2]
[eliah-next.vercel.app/_next/static/media/5e24ed3b309e571b-s.woff2]
[eliah-next.vercel.app/_next/static/css/22a924c01cd86f7a.css]
[eliah-next.vercel.app/_next/static/media/Spartan-Regular.271171c4.ttf]
[eliah-next.vercel.app/_next/static/media/Spartan-Medium.d6d1a0d4.ttf]
[eliah-next.vercel.app/_next/static/media/Spartan-SemiBold.d8d80362.ttf]
[eliah-next.vercel.app/_next/static/media/Spartan-Bold.0f68bffd.ttf]
[eliah-next.vercel.app/public/fonts/main.1a.delayed]
[eliah-next.vercel.app/images/common/Breadcrumb/bg.png]
[eliah-next.vercel.app/images/common/Select/ic-down.png]
[eliah-next.vercel.app/images/common/Select/ic-down-white.png]
[eliah-next.vercel.app/images/brands/BrandsOne/pattern.png]
[eliah-next.vercel.app/images/deal_of_week/DOWOne/2.png]
[eliah-next.vercel.app/images/deal_of_week/DOWOne/decoration.png]
[eliah-next.vercel.app/images/deal_of_week/DOWTwo/bg.png]
[eliah-next.vercel.app/images/footer/footer-2-bg.png]
[eliah-next.vercel.app/images/introduction/IntroductionNine/bg.png]
[eliah-next.vercel.app/images/404/bg.png]
[eliah-next.vercel.app/_next/static/media/fa-brands-400.b2970adc.eot]
[eliah-next.vercel.app/_next/static/media/fa-brands-400.b2970adcd41d.eot]
[eliah-next.vercel.app/_next/static/media/fa-brands-400.7edea186.woff2]
[eliah-next.vercel.app/_next/static/media/fa-brands-400.0e53fe4f.woff]
[eliah-next.vercel.app/_next/static/media/fa-brands-400.9c02eaf6.ttf]
[eliah-next.vercel.app/_next/static/media/fa-brands-400.a76d53bf.svg]
[eliah-next.vercel.app/_next/static/media/fa-regular-400.a0140e7c.eot]
[eliah-next.vercel.app/_next/static/media/fa-regular-400.a0140e7cd41d.eot]
[eliah-next.vercel.app/_next/static/media/fa-regular-400.e2b3a9dc.woff2]
[eliah-next.vercel.app/_next/static/media/fa-regular-400.04dd5282.woff]
[eliah-next.vercel.app/_next/static/media/fa-regular-400.7346017c.ttf]
[eliah-next.vercel.app/_next/static/media/fa-regular-400.ee37fbcc.svg]
[eliah-next.vercel.app/_next/static/media/fa-solid-900.974801a4.eot]
[eliah-next.vercel.app/_next/static/media/fa-solid-900.974801a4d41d.eot]
[eliah-next.vercel.app/_next/static/media/fa-solid-900.620019ed.woff2]
[eliah-next.vercel.app/_next/static/media/fa-solid-900.e67670b0.woff]
[eliah-next.vercel.app/_next/static/media/fa-solid-900.d5b0a356.ttf]
[eliah-next.vercel.app/_next/static/css/385d4530b0cbedbf.css]
[eliah-next.vercel.app/public/fonts/404]
[eliah-next.vercel.app/_next/static/media/fa-brands-400.a76d53bf.svg]
[eliah-next.vercel.app/_next/static/media/fa-regular-400.ee37fbcc.svg]
[eliah-next.vercel.app/_next/static/media/fa-solid-900.cd7322bf.svg]
[eliah-next.vercel.app/_next/static/media/fa-solid-900.cd7322bf.svg]
